+ analyze_power_grid -net VDD -voltage_file /home/aymen/Documents/AI_BYTE_accelerator/chipathon-2026-AI_Byte/librelane/runs/RUN_2026-08-28_10-25-59/99-openroad-irdropreport/net-VDD.csv
[INFO PSM-0040] All shapes on net VDD are connected.
########## IR report #################
Net              : VDD
Corner           : nom_tt_025C_5v00
Total power      : 3.04e-02 W
Supply voltage   : 5.00e+00 V
Worstcase voltage: 5.00e+00 V
Average voltage  : 5.00e+00 V
Average IR drop  : 1.66e-05 V
Worstcase IR drop: 9.89e-05 V
Percentage drop  : 0.00 %
######################################
+ analyze_power_grid -net VSS -voltage_file /home/aymen/Documents/AI_BYTE_accelerator/chipathon-2026-AI_Byte/librelane/runs/RUN_2026-08-28_10-25-59/99-openroad-irdropreport/net-VSS.csv
[INFO PSM-0040] All shapes on net VSS are connected.
########## IR report #################
Net              : VSS
Corner           : nom_tt_025C_5v00
Total power      : 3.04e-02 W
Supply voltage   : 0.00e+00 V
Worstcase voltage: 5.96e-05 V
Average voltage  : 1.62e-05 V
Average IR drop  : 1.62e-05 V
Worstcase IR drop: 5.96e-05 V
Percentage drop  : 0.00 %
######################################
