+ analyze_power_grid -net VDD -voltage_file /home/aymen/Documents/AI_BYTE_accelerator/chipathon-2026-AI_Byte/librelane/runs/RUN_2026-08-22_11-01-24/57-openroad-irdropreport/net-VDD.csv
[INFO PSM-0040] All shapes on net VDD are connected.
########## IR report #################
Net              : VDD
Corner           : nom_tt_025C_5v00
Total power      : 3.17e-02 W
Supply voltage   : 5.00e+00 V
Worstcase voltage: 5.00e+00 V
Average voltage  : 5.00e+00 V
Average IR drop  : 1.75e-05 V
Worstcase IR drop: 6.90e-05 V
Percentage drop  : 0.00 %
######################################
+ analyze_power_grid -net VSS -voltage_file /home/aymen/Documents/AI_BYTE_accelerator/chipathon-2026-AI_Byte/librelane/runs/RUN_2026-08-22_11-01-24/57-openroad-irdropreport/net-VSS.csv
[INFO PSM-0040] All shapes on net VSS are connected.
########## IR report #################
Net              : VSS
Corner           : nom_tt_025C_5v00
Total power      : 3.17e-02 W
Supply voltage   : 0.00e+00 V
Worstcase voltage: 7.67e-05 V
Average voltage  : 1.73e-05 V
Average IR drop  : 1.73e-05 V
Worstcase IR drop: 7.67e-05 V
Percentage drop  : 0.00 %
######################################
