┏━━━━━━━━━━━━━━━━━━━━━━┳━━━━━━━━━━┳━━━━━━━━━━┳━━━━━━━━━━┳━━━━━━━━━━┳━━━━━━━━━━━┳━━━━━━━━━━┳━━━━━━━━━━━┳━━━━━━━━━━┳━━━━━━━━━━━┳━━━━━━━━━━┳━━━━━━━━━━━┳━━━━━━━━━━┓
┃                      ┃ Hold     ┃ Reg to   ┃          ┃          ┃ of which  ┃ Setup    ┃           ┃          ┃           ┃ of which ┃           ┃          ┃
┃                      ┃ Worst    ┃ Reg      ┃          ┃ Hold Vio ┃ reg to    ┃ Worst    ┃ Reg to    ┃ Setup    ┃ Setup Vio ┃ reg to   ┃ Max Cap   ┃ Max Slew ┃
┃ Corner/Group         ┃ Slack    ┃ Paths    ┃ Hold TNS ┃ Count    ┃ reg       ┃ Slack    ┃ Reg Paths ┃ TNS      ┃ Count     ┃ reg      ┃ Violatio… ┃ Violati… ┃
┡━━━━━━━━━━━━━━━━━━━━━━╇━━━━━━━━━━╇━━━━━━━━━━╇━━━━━━━━━━╇━━━━━━━━━━╇━━━━━━━━━━━╇━━━━━━━━━━╇━━━━━━━━━━━╇━━━━━━━━━━╇━━━━━━━━━━━╇━━━━━━━━━━╇━━━━━━━━━━━╇━━━━━━━━━━┩
│ Overall              │ 0.3266   │ 0.3385   │ 0.0000   │ 0        │ 0         │ 2.3529   │ 2.3529    │ 0.0000   │ 0         │ 0        │ 11        │ 3191     │
│ nom_tt_025C_5v00     │ 0.7099   │ 0.7099   │ 0.0000   │ 0        │ 0         │ 67.7110  │ 67.7110   │ 0.0000   │ 0         │ 0        │ 5         │ 11       │
│ nom_ss_125C_4v50     │ 1.5281   │ 1.5281   │ 0.0000   │ 0        │ 0         │ 5.9071   │ 5.9071    │ 0.0000   │ 0         │ 0        │ 5         │ 1881     │
│ nom_ff_n40C_5v50     │ 0.3420   │ 0.3420   │ 0.0000   │ 0        │ 0         │ 77.2674  │ 95.0277   │ 0.0000   │ 0         │ 0        │ 5         │ 0        │
│ min_tt_025C_5v00     │ 0.7055   │ 0.7055   │ 0.0000   │ 0        │ 0         │ 69.4149  │ 69.4149   │ 0.0000   │ 0         │ 0        │ 5         │ 0        │
│ min_ss_125C_4v50     │ 1.5204   │ 1.5204   │ 0.0000   │ 0        │ 0         │ 8.8547   │ 8.8547    │ 0.0000   │ 0         │ 0        │ 5         │ 808      │
│ min_ff_n40C_5v50     │ 0.3385   │ 0.3385   │ 0.0000   │ 0        │ 0         │ 77.3892  │ 96.1660   │ 0.0000   │ 0         │ 0        │ 5         │ 0        │
│ max_tt_025C_5v00     │ 0.7149   │ 0.7149   │ 0.0000   │ 0        │ 0         │ 65.6451  │ 65.6451   │ 0.0000   │ 0         │ 0        │ 11        │ 11       │
│ max_ss_125C_4v50     │ 1.5368   │ 1.5368   │ 0.0000   │ 0        │ 0         │ 2.3529   │ 2.3529    │ 0.0000   │ 0         │ 0        │ 11        │ 3191     │
│ max_ff_n40C_5v50     │ 0.3266   │ 0.3465   │ 0.0000   │ 0        │ 0         │ 77.1196  │ 93.6566   │ 0.0000   │ 0         │ 0        │ 10        │ 0        │
└──────────────────────┴──────────┴──────────┴──────────┴──────────┴───────────┴──────────┴───────────┴──────────┴───────────┴──────────┴───────────┴──────────┘
