┏━━━━━━━━━━━━━━━━━━━━━━┳━━━━━━━━━━┳━━━━━━━━━━┳━━━━━━━━━━┳━━━━━━━━━━┳━━━━━━━━━━━┳━━━━━━━━━━┳━━━━━━━━━━━┳━━━━━━━━━━┳━━━━━━━━━━━┳━━━━━━━━━━┳━━━━━━━━━━━┳━━━━━━━━━━┓
┃                      ┃ Hold     ┃ Reg to   ┃          ┃          ┃ of which  ┃ Setup    ┃           ┃          ┃           ┃ of which ┃           ┃          ┃
┃                      ┃ Worst    ┃ Reg      ┃          ┃ Hold Vio ┃ reg to    ┃ Worst    ┃ Reg to    ┃ Setup    ┃ Setup Vio ┃ reg to   ┃ Max Cap   ┃ Max Slew ┃
┃ Corner/Group         ┃ Slack    ┃ Paths    ┃ Hold TNS ┃ Count    ┃ reg       ┃ Slack    ┃ Reg Paths ┃ TNS      ┃ Count     ┃ reg      ┃ Violatio… ┃ Violati… ┃
┡━━━━━━━━━━━━━━━━━━━━━━╇━━━━━━━━━━╇━━━━━━━━━━╇━━━━━━━━━━╇━━━━━━━━━━╇━━━━━━━━━━━╇━━━━━━━━━━╇━━━━━━━━━━━╇━━━━━━━━━━╇━━━━━━━━━━━╇━━━━━━━━━━╇━━━━━━━━━━━╇━━━━━━━━━━┩
│ Overall              │ 0.2082   │ 0.3246   │ 0.0000   │ 0        │ 0         │ 32.0244  │ 32.0244   │ 0.0000   │ 0         │ 0        │ 4         │ 8        │
│ nom_tt_025C_5v00     │ 0.6482   │ 0.6915   │ 0.0000   │ 0        │ 0         │ 70.8285  │ 82.9702   │ 0.0000   │ 0         │ 0        │ 4         │ 0        │
│ nom_ss_125C_4v50     │ 1.5182   │ 1.5182   │ 0.0000   │ 0        │ 0         │ 35.5924  │ 35.5924   │ 0.0000   │ 0         │ 0        │ 4         │ 4        │
│ nom_ff_n40C_5v50     │ 0.2325   │ 0.3268   │ 0.0000   │ 0        │ 0         │ 75.8183  │ 103.9529  │ 0.0000   │ 0         │ 0        │ 4         │ 0        │
│ min_tt_025C_5v00     │ 0.6071   │ 0.6882   │ 0.0000   │ 0        │ 0         │ 71.1447  │ 84.6573   │ 0.0000   │ 0         │ 0        │ 4         │ 0        │
│ min_ss_125C_4v50     │ 1.5124   │ 1.5124   │ 0.0000   │ 0        │ 0         │ 38.5372  │ 38.5372   │ 0.0000   │ 0         │ 0        │ 4         │ 4        │
│ min_ff_n40C_5v50     │ 0.2082   │ 0.3246   │ 0.0000   │ 0        │ 0         │ 76.0201  │ 105.8045  │ 0.0000   │ 0         │ 0        │ 4         │ 0        │
│ max_tt_025C_5v00     │ 0.6956   │ 0.6956   │ 0.0000   │ 0        │ 0         │ 70.4467  │ 80.9220   │ 0.0000   │ 0         │ 0        │ 4         │ 0        │
│ max_ss_125C_4v50     │ 1.5250   │ 1.5250   │ 0.0000   │ 0        │ 0         │ 32.0244  │ 32.0244   │ 0.0000   │ 0         │ 0        │ 4         │ 8        │
│ max_ff_n40C_5v50     │ 0.2642   │ 0.3295   │ 0.0000   │ 0        │ 0         │ 75.5740  │ 102.6010  │ 0.0000   │ 0         │ 0        │ 4         │ 0        │
└──────────────────────┴──────────┴──────────┴──────────┴──────────┴───────────┴──────────┴───────────┴──────────┴───────────┴──────────┴───────────┴──────────┘
